Command: /home/willi/.espressif/python_env/idf6.0_py3.13_env/bin/python /home/willi/sw/esp/esp-idf/tools/idf_monitor.py -p /dev/ttyUSB0 -b 115200 --toolchain-prefix xtensa-esp32-elf- --target esp32 --revision 0 /home/willi/coding/esp/color_organ/build/color_organ.elf /home/willi/coding/esp/color_organ/build/bootloader/bootloader.elf -m '/home/willi/.espressif/python_env/idf6.0_py3.13_env/bin/python' '/home/willi/sw/esp/esp-idf/tools/idf.py'
ï¿½ï¿½ï¿½ï¿½ï¿½ets Jul 29 2019 12:21:46

rst:0x1 (POWERON_RESET),boot:0x13 (SPI_FAST_FLASH_BOOT)
configsip: 0, SPIWP:0xee
clk_drv:0x00,q_drv:0x00,d_drv:0x00,cs0_drv:0x00,hd_drv:0x00,wp_drv:0x00
mode:DIO, clock div:2
load:0x3fff0030,len:6372
load:0x40078000,len:15928
load:0x40080400,len:3880
entry 0x40080638
[0;32mI (27) boot: ESP-IDF v6.0-dev-1002-gbfe5caf58f-dirty 2nd stage bootloader[0m
[0;32mI (27) boot: compile time Aug 26 2025 21:30:22[0m
[0;32mI (28) boot: Multicore bootloader[0m
[0;32mI (31) boot: chip revision: v3.1[0m
[0;32mI (34) boot.esp32: SPI Speed      : 40MHz[0m
[0;32mI (37) boot.esp32: SPI Mode       : DIO[0m
[0;32mI (41) boot.esp32: SPI Flash Size : 2MB[0m
[0;32mI (45) boot: Enabling RNG early entropy source...[0m
[0;32mI (49) boot: Partition Table:[0m
[0;32mI (52) boot: ## Label            Usage          Type ST Offset   Length[0m
[0;32mI (58) boot:  0 nvs              WiFi data        01 02 00009000 00006000[0m
[0;32mI (65) boot:  1 phy_init         RF data          01 01 0000f000 00001000[0m
[0;32mI (71) boot:  2 factory          factory app      00 00 00010000 00100000[0m
[0;32mI (78) boot: End of partition table[0m
[0;32mI (81) esp_image: segment 0: paddr=00010020 vaddr=3f400020 size=1ca24h (117284) map[0m
[0;32mI (130) esp_image: segment 1: paddr=0002ca4c vaddr=3ff80000 size=00024h (    36) load[0m
[0;32mI (130) esp_image: segment 2: paddr=0002ca78 vaddr=3ffb0000 size=035a0h ( 13728) load[0m
[0;32mI (139) esp_image: segment 3: paddr=00030020 vaddr=400d0020 size=8dc64h (580708) map[0m
[0;32mI (347) esp_image: segment 4: paddr=000bdc8c vaddr=3ffb35a0 size=00bf8h (  3064) load[0m
[0;32mI (348) esp_image: segment 5: paddr=000be88c vaddr=40080000 size=181d4h ( 98772) load[0m
[0;32mI (403) boot: Loaded app from partition at offset 0x10000[0m
[0;32mI (403) boot: Disabling RNG early entropy source...[0m
[0;32mI (413) cpu_start: Multicore app[0m
[0;32mI (422) cpu_start: Pro cpu start user code[0m
[0;32mI (422) cpu_start: cpu freq: 160000000 Hz[0m
[0;32mI (422) app_init: Application information:[0m
[0;32mI (422) app_init: Project name:     color_organ[0m
[0;32mI (426) app_init: App version:      1[0m
[0;32mI (429) app_init: Compile time:     Aug 26 2025 21:39:18[0m
[0;32mI (434) app_init: ELF file SHA256:  cbfcded6b...[0m
[0;32mI (439) app_init: ESP-IDF:          v6.0-dev-1002-gbfe5caf58f-dirty[0m
[0;32mI (445) efuse_init: Min chip rev:     v0.0[0m
[0;32mI (448) efuse_init: Max chip rev:     v3.99 [0m
[0;32mI (452) efuse_init: Chip rev:         v3.1[0m
[0;32mI (457) heap_init: Initializing. RAM available for dynamic allocation:[0m
[0;32mI (463) heap_init: At 3FFAE6E0 len 00001920 (6 KiB): DRAM[0m
[0;32mI (468) heap_init: At 3FFB86E0 len 00027920 (158 KiB): DRAM[0m
[0;32mI (473) heap_init: At 3FFE0440 len 00003AE0 (14 KiB): D/IRAM[0m
[0;32mI (478) heap_init: At 3FFE4350 len 0001BCB0 (111 KiB): D/IRAM[0m
[0;32mI (484) heap_init: At 400981D4 len 00007E2C (31 KiB): IRAM[0m
[0;32mI (491) spi_flash: detected chip: generic[0m
[0;32mI (493) spi_flash: flash io: dio[0m
[0;33mW (496) spi_flash: Detected size(4096k) larger than the size in the binary image header(2048k). Using the size in the binary image header.[0m
[0;32mI (509) main_task: Started on CPU0[0m
[0;32mI (519) main_task: Calling app_main()[0m
[0;32mI (519) color_organ: Starting Color Organ[0m
[0;32mI (529) color_organ: Connecting to network...[0m
[0;32mI (529) example_connect: Start example_connect.[0m
[0;32mI (539) wifi:wifi driver task: 3ffc0218, prio:23, stack:6656, core=0[0m
[0;32mI (539) wifi:wifi firmware version: 956d811[0m
[0;32mI (539) wifi:wifi certification version: v7.0[0m
[0;32mI (539) wifi:config NVS flash: enabled[0m
[0;32mI (549) wifi:config nano formatting: disabled[0m
[0;32mI (549) wifi:Init data frame dynamic rx buffer num: 32[0m
[0;32mI (559) wifi:Init static rx mgmt buffer num: 5[0m
[0;32mI (559) wifi:Init management short buffer num: 32[0m
[0;32mI (559) wifi:Init dynamic tx buffer num: 32[0m
[0;32mI (569) wifi:Init static rx buffer size: 1600[0m
[0;32mI (569) wifi:Init static rx buffer num: 10[0m
[0;32mI (579) wifi:Init dynamic rx buffer num: 32[0m
[0;32mI (579) wifi_init: rx ba win: 6[0m
[0;32mI (579) wifi_init: accept mbox: 6[0m
[0;32mI (589) wifi_init: tcpip mbox: 32[0m
[0;32mI (589) wifi_init: udp mbox: 6[0m
[0;32mI (589) wifi_init: tcp mbox: 6[0m
[0;32mI (589) wifi_init: tcp tx win: 5760[0m
[0;32mI (599) wifi_init: tcp rx win: 5760[0m
[0;32mI (599) wifi_init: tcp mss: 1440[0m
[0;32mI (599) wifi_init: WiFi IRAM OP enabled[0m
[0;32mI (609) wifi_init: WiFi RX IRAM OP enabled[0m
[0;32mI (609) phy_init: phy_version 4860,6b7a6e5,Feb  6 2025,14:47:07[0m
[0;32mI (699) wifi:mode : sta (6c:c8:40:06:1f:68)[0m
[0;32mI (699) wifi:enable tsf[0m
[0;32mI (699) example_connect: Connecting to MIT...[0m
[0;33mW (699) wifi:Password length matches WPA2 standards, authmode threshold changes from OPEN to WPA2[0m
[0;32mI (709) example_connect: Waiting for IP(s)[0m
[0;32mI (3369) wifi:new:<11,0>, old:<1,0>, ap:<255,255>, sta:<11,0>, prof:1, snd_ch_cfg:0x0[0m
[0;32mI (3369) wifi:state: init -> auth (0xb0)[0m
[0;32mI (3379) wifi:state: auth -> assoc (0x0)[0m
[0;32mI (3379) wifi:state: assoc -> run (0x10)[0m
[0;32mI (3399) wifi:connected with MIT, aid = 61, channel 11, BW20, bssid = d4:20:b0:d9:2a:75[0m
[0;32mI (3399) wifi:security: WPA2-PSK, phy: bgn, rssi: -67[0m
[0;32mI (3399) wifi:pm start, type: 1[0m

[0;32mI (3409) wifi:dp: 1, bi: 102400, li: 3, scale listen interval from 307200 us to 307200 us[0m
[0;32mI (3429) wifi:<ba-add>idx:0 (ifx:0, d4:20:b0:d9:2a:75), tid:6, ssn:1, winSize:64[0m
[0;32mI (3459) wifi:dp: 2, bi: 102400, li: 4, scale listen interval from 307200 us to 409600 us[0m
[0;32mI (3459) wifi:AP's beacon interval = 102400 us, DTIM period = 2[0m
[0;32mI (4429) esp_netif_handlers: example_netif_sta ip: 10.29.143.120, mask: 255.255.240.0, gw: 10.29.128.1[0m
[0;32mI (4429) example_connect: Got IPv4 event: Interface "example_netif_sta" address: 10.29.143.120[0m
[0;32mI (4529) example_connect: Got IPv6 event: Interface "example_netif_sta" address: fe80:0000:0000:0000:6ec8:40ff:fe06:1f68, type: ESP_IP6_ADDR_IS_LINK_LOCAL[0m
[0;32mI (4529) example_common: Connected to example_netif_sta[0m
[0;32mI (4539) example_common: - IPv4 address: 10.29.143.120,[0m
[0;32mI (4539) example_common: - IPv6 address: fe80:0000:0000:0000:6ec8:40ff:fe06:1f68, type: ESP_IP6_ADDR_IS_LINK_LOCAL[0m
[0;32mI (4549) color_organ: Network connected[0m
[0;32mI (4559) color_organ: PWM initialized[0m
[1;31mE (4559) ledc: Fade service not installed, call ledc_fade_func_install[0m
[1;31mE (4559) ledc: ledc_set_duty_and_update(1584): LEDC fade channel init error, not enough memory or service not installed[0m
[1;31mE (4569) ledc: Fade service not installed, call ledc_fade_func_install[0m
[1;31mE (4579) ledc: ledc_set_duty_and_update(1584): LEDC fade channel init error, not enough memory or service not installed[0m
[1;31mE (4589) ledc: Fade service not installed, call ledc_fade_func_install[0m
[1;31mE (4599) ledc: ledc_set_duty_and_update(1584): LEDC fade channel init error, not enough memory or service not installed[0m
[0;32mI (4609) color_organ: Set default 50% brightness[0m
[0;32mI (4619) color_organ: WebSocket server started[0m
